---
source: crates/cli/tests/lib.rs
info:
  program: nemo
  args:
    - check
    - tests/check/cant_reassign_captured_variable.nemo
input_file: crates/cli/tests/check/cant_reassign_captured_variable.nemo
---
success: false
exit_code: 1
----- stdout -----

----- stderr -----
[31m[25] Error:[0m Can't reassign the captured variable 'local'. Maybe you want to box this variable in a struct?
   [38;5;246m╭[0m[38;5;246m─[0m[38;5;246m[[0msource:2:1[38;5;246m][0m
   [38;5;246m│[0m
 [38;5;246m4 │[0m [38;5;249m [0m[38;5;249m [0m[38;5;249m [0m[38;5;249m [0m[38;5;249m [0m[38;5;249m [0m[38;5;249m [0m[38;5;249m [0m[38;5;249ms[0m[38;5;249me[0m[38;5;249mt[0m[38;5;249m [0mlocal [38;5;249m=[0m[38;5;249m [0m[38;5;249m2[0m[38;5;249m0[0m[38;5;249m;[0m
 [38;5;240m  │[0m             ───┬──  
 [38;5;240m  │[0m                ╰──── Can't reassign the captured variable 'local'. Maybe you want to box this variable in a struct?
[38;5;246m───╯[0m

Error: "Check failed with 1 errors"
