---
source: crates/cli/tests/lib.rs
info:
  program: nemo
  args:
    - check
    - tests/check/cycle/modb.nemo
    - tests/check/cycle/moda.nemo
input_file: crates/cli/tests/check/cycle
---
success: false
exit_code: 101
----- stdout -----

----- stderr -----
thread 'main' panicked at crates/frontend/src/lib.rs:151:33:
not yet implemented
stack backtrace:
   0: rust_begin_unwind
         
   1: core::panicking::panic_fmt
         
   2: core::panicking::panic
         
   3: frontend::run_frontend
         
   4: frontend::check_program
         
   5: nemo::main
         
   6: core::ops::function::FnOnce::call_once
         
note: Some details are omitted, run with `RUST_BACKTRACE=full` for a verbose backtrace.
