---
source: crates/cli/tests/lib.rs
info:
  program: deno
  args:
    - run
    - "--allow-read"
    - "../../dev/wasm-runner.ts"
    - tests/build/passing/modules.wasm
  env:
    NO_COLOR: "1"
input_file: crates/cli/tests/run/modules.nemo
---
success: false
exit_code: 1
----- stdout -----

----- stderr -----
error: Uncaught (in promise) NotFound: The system cannot find the file specified. (os error 2): readfile 'tests/build/passing/modules.wasm'
const wasmCode = await Deno.readFile(filePath);
                            ^
    at Object.readFile (ext:deno_fs/30_fs.js:848:24)
    at [FILE_PATH]
