---
source: crates/cli/tests/lib.rs
info:
  program: nemo
  args:
    - check
    - tests/check/duplicate_module_name/moda.nemo
    - tests/check/duplicate_module_name/moda_again.nemo
  env:
    RUST_BACKTRACE: "0"
input_file: crates/cli/tests/check/duplicate_module_name
---
success: false
exit_code: 1
----- stdout -----

----- stderr -----
Error: "Duplicate module name declared: 'moda'"
