---
source: crates/frontend/tests/lib.rs
assertion_line: 104
expression: output
input_file: crates/frontend/tests/type_errors/cant_infer_empty_array.nemo
---
[17] Error: Can't infer type of an empty array
   ╭─[source:2:1]
   │
 2 │   let x = []
   │           ─┬  
   │            ╰── Can't infer type of an empty array
───╯
