---
source: crates/frontend/tests/lib.rs
assertion_line: 132
expression: output
input_file: crates/frontend/tests/parsing/expr_postfix.nemo
---
Root@0..128
  TopGlobal@0..14
    GLOBAL_KW@0..6 "global"
    SPACE@6..7 " "
    IDENT@7..8 "_"
    SPACE@8..9 " "
    EQUALS@9..10 "="
    SPACE@10..11 " "
    ECall@11..14
      EVar@11..12
        IDENT@11..12 "f"
      EArgList@12..14
        L_PAREN@12..13 "("
        R_PAREN@13..14 ")"
  TopGlobal@14..30
    LINEFEED@14..15 "\n"
    GLOBAL_KW@15..21 "global"
    SPACE@21..22 " "
    IDENT@22..23 "_"
    SPACE@23..24 " "
    EQUALS@24..25 "="
    SPACE@25..26 " "
    ECall@26..30
      EVar@26..27
        IDENT@26..27 "f"
      EArgList@27..30
        L_PAREN@27..28 "("
        ELit@28..29
          LitInt@28..29
            INT_LIT@28..29 "1"
        R_PAREN@29..30 ")"
  TopGlobal@30..50
    LINEFEED@30..31 "\n"
    GLOBAL_KW@31..37 "global"
    SPACE@37..38 " "
    IDENT@38..39 "_"
    SPACE@39..40 " "
    EQUALS@40..41 "="
    SPACE@41..42 " "
    ECall@42..50
      EVar@42..43
        IDENT@42..43 "f"
      EArgList@43..50
        L_PAREN@43..44 "("
        ELit@44..45
          LitInt@44..45
            INT_LIT@44..45 "1"
        COMMA@45..46 ","
        SPACE@46..47 " "
        ELit@47..48
          LitInt@47..48
            INT_LIT@47..48 "2"
        COMMA@48..49 ","
        R_PAREN@49..50 ")"
  TopGlobal@50..72
    LINEFEED@50..51 "\n"
    GLOBAL_KW@51..57 "global"
    SPACE@57..58 " "
    IDENT@58..59 "_"
    SPACE@59..60 " "
    EQUALS@60..61 "="
    SPACE@61..62 " "
    ECall@62..72
      EVar@62..63
        IDENT@62..63 "f"
      EArgList@63..72
        L_PAREN@63..64 "("
        ELit@64..65
          LitInt@64..65
            INT_LIT@64..65 "1"
        COMMA@65..66 ","
        SPACE@66..67 " "
        ECall@67..71
          EVar@67..68
            IDENT@67..68 "f"
          EArgList@68..71
            L_PAREN@68..69 "("
            ELit@69..70
              LitInt@69..70
                INT_LIT@69..70 "2"
            R_PAREN@70..71 ")"
        R_PAREN@71..72 ")"
  TopGlobal@72..89
    LINEFEED@72..73 "\n"
    GLOBAL_KW@73..79 "global"
    SPACE@79..80 " "
    IDENT@80..81 "_"
    SPACE@81..82 " "
    EQUALS@82..83 "="
    SPACE@83..84 " "
    ECall@84..89
      EStructIdx@84..87
        EVar@84..85
          IDENT@84..85 "x"
        DOT@85..86 "."
        IDENT@86..87 "f"
      EArgList@87..89
        L_PAREN@87..88 "("
        R_PAREN@88..89 ")"
  TopGlobal@89..109
    LINEFEED@89..90 "\n"
    GLOBAL_KW@90..96 "global"
    SPACE@96..97 " "
    IDENT@97..98 "_"
    SPACE@98..99 " "
    EQUALS@99..100 "="
    SPACE@100..101 " "
    ECall@101..109
      EStructIdx@101..107
        EArrayIdx@101..105
          EVar@101..102
            IDENT@101..102 "x"
          L_BRACKET@102..103 "["
          ELit@103..104
            LitInt@103..104
              INT_LIT@103..104 "1"
          R_BRACKET@104..105 "]"
        DOT@105..106 "."
        IDENT@106..107 "f"
      EArgList@107..109
        L_PAREN@107..108 "("
        R_PAREN@108..109 ")"
  TopGlobal@109..128
    LINEFEED@109..110 "\n"
    GLOBAL_KW@110..116 "global"
    SPACE@116..117 " "
    IDENT@117..118 "_"
    SPACE@118..119 " "
    EQUALS@119..120 "="
    SPACE@120..121 " "
    ECall@121..128
      ECall@121..125
        EVar@121..122
          IDENT@121..122 "f"
        EArgList@122..125
          L_PAREN@122..123 "("
          ELit@123..124
            LitInt@123..124
              INT_LIT@123..124 "1"
          R_PAREN@124..125 ")"
      EArgList@125..128
        L_PAREN@125..126 "("
        EVar@126..127
          IDENT@126..127 "x"
        R_PAREN@127..128 ")"
