---
source: crates/frontend/tests/lib.rs
expression: output
input_file: crates/frontend/tests/type_errors/field_type_mismatch.nemo
---
[15] Error: Type mismatch. Expected i32, but got bool
   ╭─[source:2:2]
   │
 6 │   F { x = true }
   │           ──┬──  
   │             ╰──── Type mismatch. Expected i32, but got bool
───╯
