---
source: crates/frontend/tests/lib.rs
assertion_line: 104
expression: output
input_file: crates/frontend/tests/type_errors/not_a_function.nemo
---
[16] Error: Can't a call a value of type i32 as a function
   ╭─[source:2:1]
   │
 3 │   x(0)
   │   ┬  
   │   ╰── Can't a call a value of type i32 as a function
───╯
