---
source: crates/frontend/tests/lib.rs
expression: output
input_file: crates/frontend/tests/type_errors/lambda.nemo
---
[15] Error: Type mismatch. Expected f32, but got i32
   ╭─[source:1:13]
   │
 3 │       return 10;
   │              ─┬  
   │               ╰── Type mismatch. Expected f32, but got i32
───╯
[15] Error: Type mismatch. Expected i32, but got f32
   ╭─[source:1:13]
   │
 5 │     return 10.0;
   │            ──┬─  
   │              ╰─── Type mismatch. Expected i32, but got f32
───╯
