---
source: crates/frontend/tests/lib.rs
assertion_line: 104
expression: output
input_file: crates/frontend/tests/type_errors/type_param_in_variant_struct.nemo
---
[23] Error: Can't declare type parameters for structs in a variant.
   ╭─[source:1:13]
   │
 2 │   struct None[a] {}
   │          ──┬─  
   │            ╰─── Can't declare type parameters for structs in a variant.
───╯
