---
source: crates/frontend/tests/lib.rs
expression: output
input_file: crates/frontend/tests/type_errors/ty_arg_count_mismatch.nemo
---
[22] Error: Mismatched type arg count. Expected 2 arguments, but got 0
    ╭─[source:1:13]
    │
 15 │   let x : Box = Box#[i32, i32]{ a = 1, b = 2 };
    │           ──┬─  
    │             ╰─── Mismatched type arg count. Expected 2 arguments, but got 0
────╯
[22] Error: Mismatched type arg count. Expected 2 arguments, but got 1
    ╭─[source:1:13]
    │
 16 │   let x : Box[i32] = Box#[i32, i32]{ a = 1, b = 2 };
    │           ────┬───  
    │               ╰───── Mismatched type arg count. Expected 2 arguments, but got 1
────╯
[22] Error: Mismatched type arg count. Expected 2 arguments, but got 1
    ╭─[source:1:13]
    │
 17 │   func#[i32](3);
    │   ──┬─  
    │     ╰─── Mismatched type arg count. Expected 2 arguments, but got 1
────╯
[22] Error: Mismatched type arg count. Expected 2 arguments, but got 1
    ╭─[source:1:13]
    │
 18 │   Box#[i32] { a = 1, b = 2 };
    │   ─────────────┬────────────  
    │                ╰────────────── Mismatched type arg count. Expected 2 arguments, but got 1
────╯
[22] Error: Mismatched type arg count. Expected 1 argument, but got 2
    ╭─[source:1:13]
    │
 19 │   List::Nil#[i32, f32] {};
    │   ───────────┬───────────  
    │              ╰───────────── Mismatched type arg count. Expected 1 argument, but got 2
────╯
