---
source: crates/frontend/tests/lib.rs
assertion_line: 104
expression: output
input_file: crates/frontend/tests/type_errors/invalid_literal.nemo
---
[02] Error: Invalid literal couldn't be parsed
   ╭─[source:1:13]
   │
 1 │ global x = 1000000000000000000000000000000000000000000000000000000000000
   │            ──────────────────────────────┬──────────────────────────────  
   │                                          ╰──────────────────────────────── Invalid literal couldn't be parsed
───╯
