---
source: crates/frontend/tests/lib.rs
assertion_line: 129
expression: output
input_file: crates/frontend/tests/parsing/arrays.nemo
---
Root@0..165
  Module@0..165
    TopGlobal@0..13
      GLOBAL_KW@0..6 "global"
      SPACE@6..7 " "
      IDENT@7..8 "_"
      SPACE@8..9 " "
      EQUALS@9..10 "="
      SPACE@10..11 " "
      EArray@11..13
        L_BRACKET@11..12 "["
        R_BRACKET@12..13 "]"
    TopGlobal@13..28
      LINEFEED@13..14 "\n"
      GLOBAL_KW@14..20 "global"
      SPACE@20..21 " "
      IDENT@21..22 "_"
      SPACE@22..23 " "
      EQUALS@23..24 "="
      SPACE@24..25 " "
      EArray@25..28
        L_BRACKET@25..26 "["
        ELit@26..27
          LitInt@26..27
            INT_LIT@26..27 "1"
        R_BRACKET@27..28 "]"
    TopGlobal@28..46
      LINEFEED@28..29 "\n"
      GLOBAL_KW@29..35 "global"
      SPACE@35..36 " "
      IDENT@36..37 "_"
      SPACE@37..38 " "
      EQUALS@38..39 "="
      SPACE@39..40 " "
      EArray@40..46
        L_BRACKET@40..41 "["
        ELit@41..42
          LitInt@41..42
            INT_LIT@41..42 "1"
        COMMA@42..43 ","
        SPACE@43..44 " "
        ELit@44..45
          LitInt@44..45
            INT_LIT@44..45 "2"
        R_BRACKET@45..46 "]"
    TopGlobal@46..65
      LINEFEED@46..47 "\n"
      GLOBAL_KW@47..53 "global"
      SPACE@53..54 " "
      IDENT@54..55 "_"
      SPACE@55..56 " "
      EQUALS@56..57 "="
      SPACE@57..58 " "
      EArray@58..65
        L_BRACKET@58..59 "["
        ELit@59..60
          LitInt@59..60
            INT_LIT@59..60 "1"
        COMMA@60..61 ","
        SPACE@61..62 " "
        ELit@62..63
          LitInt@62..63
            INT_LIT@62..63 "2"
        COMMA@63..64 ","
        R_BRACKET@64..65 "]"
    TopGlobal@65..86
      LINEFEED@65..66 "\n"
      GLOBAL_KW@66..72 "global"
      SPACE@72..73 " "
      IDENT@73..74 "_"
      SPACE@74..75 " "
      EQUALS@75..76 "="
      SPACE@76..77 " "
      EArray@77..86
        L_BRACKET@77..78 "["
        EArray@78..81
          L_BRACKET@78..79 "["
          ELit@79..80
            LitInt@79..80
              INT_LIT@79..80 "1"
          R_BRACKET@80..81 "]"
        COMMA@81..82 ","
        SPACE@82..83 " "
        EArray@83..85
          L_BRACKET@83..84 "["
          R_BRACKET@84..85 "]"
        R_BRACKET@85..86 "]"
    TopGlobal@86..102
      LINEFEED@86..87 "\n"
      GLOBAL_KW@87..93 "global"
      SPACE@93..94 " "
      IDENT@94..95 "_"
      SPACE@95..96 " "
      EQUALS@96..97 "="
      SPACE@97..98 " "
      EArrayIdx@98..102
        EVar@98..99
          IDENT@98..99 "x"
        L_BRACKET@99..100 "["
        ELit@100..101
          LitInt@100..101
            INT_LIT@100..101 "1"
        R_BRACKET@101..102 "]"
    TopGlobal@102..121
      LINEFEED@102..103 "\n"
      GLOBAL_KW@103..109 "global"
      SPACE@109..110 " "
      IDENT@110..111 "_"
      SPACE@111..112 " "
      EQUALS@112..113 "="
      SPACE@113..114 " "
      EArrayIdx@114..121
        EVar@114..115
          IDENT@114..115 "x"
        L_BRACKET@115..116 "["
        EArrayIdx@116..120
          EVar@116..117
            IDENT@116..117 "x"
          L_BRACKET@117..118 "["
          EVar@118..119
            IDENT@118..119 "x"
          R_BRACKET@119..120 "]"
        R_BRACKET@120..121 "]"
    TopGlobal@121..142
      LINEFEED@121..122 "\n"
      GLOBAL_KW@122..128 "global"
      SPACE@128..129 " "
      IDENT@129..130 "_"
      SPACE@130..131 " "
      EQUALS@131..132 "="
      SPACE@132..133 " "
      EArrayIdx@133..142
        EArray@133..139
          L_BRACKET@133..134 "["
          ELit@134..135
            LitInt@134..135
              INT_LIT@134..135 "1"
          COMMA@135..136 ","
          SPACE@136..137 " "
          ELit@137..138
            LitInt@137..138
              INT_LIT@137..138 "2"
          R_BRACKET@138..139 "]"
        L_BRACKET@139..140 "["
        ELit@140..141
          LitInt@140..141
            INT_LIT@140..141 "0"
        R_BRACKET@141..142 "]"
    TopGlobal@142..165
      LINEFEED@142..143 "\n"
      GLOBAL_KW@143..149 "global"
      SPACE@149..150 " "
      IDENT@150..151 "_"
      SPACE@151..152 " "
      EQUALS@152..153 "="
      SPACE@153..154 " "
      EArrayIdx@154..165
        EArrayIdx@154..162
          EArray@154..159
            L_BRACKET@154..155 "["
            EArray@155..158
              L_BRACKET@155..156 "["
              ELit@156..157
                LitInt@156..157
                  INT_LIT@156..157 "1"
              R_BRACKET@157..158 "]"
            R_BRACKET@158..159 "]"
          L_BRACKET@159..160 "["
          ELit@160..161
            LitInt@160..161
              INT_LIT@160..161 "0"
          R_BRACKET@161..162 "]"
        L_BRACKET@162..163 "["
        ELit@163..164
          LitInt@163..164
            INT_LIT@163..164 "0"
        R_BRACKET@164..165 "]"
