---
source: crates/frontend/tests/lib.rs
assertion_line: 105
expression: output
input_file: crates/frontend/tests/type_errors/cant_return_from_global.nemo
---
[24] Error: Can't 'return' from a global definition.
   ╭─[source:1:13]
   │
 1 │ global g = return 1
   │            ────┬───  
   │                ╰───── Can't 'return' from a global definition.
───╯

[24] Error: Can't 'return' from a global definition.
   ╭─[source:1:13]
   │
 4 │   return x
   │   ────┬───  
   │       ╰───── Can't 'return' from a global definition.
───╯
