---
source: crates/frontend/tests/lib.rs
expression: output
input_file: crates/frontend/tests/type_errors/return_type_mismatch.nemo
---
[15] Error: Type mismatch. Expected unit, but got i32
   ╭─[source:2:1]
   │
 2 │   return 1
   │          ┬  
   │          ╰── Type mismatch. Expected unit, but got i32
───╯
[15] Error: Type mismatch. Expected i32, but got unit
   ╭─[source:2:1]
   │
 6 │   return {}
   │          ─┬  
   │           ╰── Type mismatch. Expected i32, but got unit
───╯
