---
source: crates/frontend/tests/lib.rs
expression: output
input_file: crates/frontend/tests/type_errors/unknown_alternative.nemo
---
[07] Error: Unknown type V::Unknown
   ╭─[source:2:1]
   │
 6 │   V::Unknown {};
   │      ───┬───  
   │         ╰───── Unknown type V::Unknown
───╯
[07] Error: Unknown type V::Unknown
   ╭─[source:2:1]
   │
 9 │     V::Unknown _ => {}
   │        ───┬───  
   │           ╰───── Unknown type V::Unknown
───╯
