---
source: crates/frontend/tests/lib.rs
assertion_line: 129
expression: output
input_file: crates/frontend/tests/parsing/global_annotation.nemo
---
Root@0..255
  Module@0..255
    TopGlobal@0..18
      GLOBAL_KW@0..6 "global"
      SPACE@6..7 " "
      IDENT@7..8 "_"
      SPACE@8..9 " "
      COLON@9..10 ":"
      SPACE@10..11 " "
      TyInt@11..15
        I32_BUILTIN@11..14 "i32"
        SPACE@14..15 " "
      EQUALS@15..16 "="
      SPACE@16..17 " "
      ELit@17..18
        LitInt@17..18
          INT_LIT@17..18 "0"
    TopGlobal@18..37
      LINEFEED@18..19 "\n"
      GLOBAL_KW@19..25 "global"
      SPACE@25..26 " "
      IDENT@26..27 "_"
      SPACE@27..28 " "
      COLON@28..29 ":"
      SPACE@29..30 " "
      TyFloat@30..34
        F32_BUILTIN@30..33 "f32"
        SPACE@33..34 " "
      EQUALS@34..35 "="
      SPACE@35..36 " "
      ELit@36..37
        LitInt@36..37
          INT_LIT@36..37 "0"
    TopGlobal@37..57
      LINEFEED@37..38 "\n"
      GLOBAL_KW@38..44 "global"
      SPACE@44..45 " "
      IDENT@45..46 "_"
      SPACE@46..47 " "
      COLON@47..48 ":"
      SPACE@48..49 " "
      TyBool@49..54
        BOOL_BUILTIN@49..53 "bool"
        SPACE@53..54 " "
      EQUALS@54..55 "="
      SPACE@55..56 " "
      ELit@56..57
        LitInt@56..57
          INT_LIT@56..57 "0"
    TopGlobal@57..77
      LINEFEED@57..58 "\n"
      GLOBAL_KW@58..64 "global"
      SPACE@64..65 " "
      IDENT@65..66 "_"
      SPACE@66..67 " "
      COLON@67..68 ":"
      SPACE@68..69 " "
      TyUnit@69..74
        UNIT_BUILTIN@69..73 "unit"
        SPACE@73..74 " "
      EQUALS@74..75 "="
      SPACE@75..76 " "
      ELit@76..77
        LitInt@76..77
          INT_LIT@76..77 "0"
    TopGlobal@77..99
      LINEFEED@77..78 "\n"
      GLOBAL_KW@78..84 "global"
      SPACE@84..85 " "
      IDENT@85..86 "_"
      SPACE@86..87 " "
      COLON@87..88 ":"
      SPACE@88..89 " "
      TyCons@89..96
        UPPER_IDENT@89..95 "Struct"
        SPACE@95..96 " "
      EQUALS@96..97 "="
      SPACE@97..98 " "
      ELit@98..99
        LitInt@98..99
          INT_LIT@98..99 "0"
    TopGlobal@99..120
      LINEFEED@99..100 "\n"
      GLOBAL_KW@100..106 "global"
      SPACE@106..107 " "
      IDENT@107..108 "_"
      SPACE@108..109 " "
      COLON@109..110 ":"
      SPACE@110..111 " "
      TyArray@111..117
        L_BRACKET@111..112 "["
        TyInt@112..115
          I32_BUILTIN@112..115 "i32"
        R_BRACKET@115..116 "]"
        SPACE@116..117 " "
      EQUALS@117..118 "="
      SPACE@118..119 " "
      ELit@119..120
        LitInt@119..120
          INT_LIT@119..120 "0"
    TopGlobal@120..146
      LINEFEED@120..121 "\n"
      GLOBAL_KW@121..127 "global"
      SPACE@127..128 " "
      IDENT@128..129 "_"
      SPACE@129..130 " "
      COLON@130..131 ":"
      SPACE@131..132 " "
      TyArray@132..143
        L_BRACKET@132..133 "["
        TyArray@133..141
          L_BRACKET@133..134 "["
          TyCons@134..140
            UPPER_IDENT@134..140 "Struct"
          R_BRACKET@140..141 "]"
        R_BRACKET@141..142 "]"
        SPACE@142..143 " "
      EQUALS@143..144 "="
      SPACE@144..145 " "
      ELit@145..146
        LitInt@145..146
          INT_LIT@145..146 "0"
    TopGlobal@146..174
      LINEFEED@146..147 "\n"
      GLOBAL_KW@147..153 "global"
      SPACE@153..154 " "
      IDENT@154..155 "_"
      SPACE@155..156 " "
      COLON@156..157 ":"
      SPACE@157..158 " "
      TyFn@158..171
        FN_KW@158..160 "fn"
        TyArgList@160..163
          L_PAREN@160..161 "("
          R_PAREN@161..162 ")"
          SPACE@162..163 " "
        ARROW@163..165 "->"
        SPACE@165..166 " "
        TyUnit@166..171
          UNIT_BUILTIN@166..170 "unit"
          SPACE@170..171 " "
      EQUALS@171..172 "="
      SPACE@172..173 " "
      ELit@173..174
        LitInt@173..174
          INT_LIT@173..174 "0"
    TopGlobal@174..204
      LINEFEED@174..175 "\n"
      GLOBAL_KW@175..181 "global"
      SPACE@181..182 " "
      IDENT@182..183 "_"
      SPACE@183..184 " "
      COLON@184..185 ":"
      SPACE@185..186 " "
      TyFn@186..201
        FN_KW@186..188 "fn"
        TyArgList@188..194
          L_PAREN@188..189 "("
          TyInt@189..192
            I32_BUILTIN@189..192 "i32"
          R_PAREN@192..193 ")"
          SPACE@193..194 " "
        ARROW@194..196 "->"
        SPACE@196..197 " "
        TyFloat@197..201
          F32_BUILTIN@197..200 "f32"
          SPACE@200..201 " "
      EQUALS@201..202 "="
      SPACE@202..203 " "
      ELit@203..204
        LitInt@203..204
          INT_LIT@203..204 "0"
    TopGlobal@204..255
      LINEFEED@204..205 "\n"
      GLOBAL_KW@205..211 "global"
      SPACE@211..212 " "
      IDENT@212..213 "_"
      SPACE@213..214 " "
      COLON@214..215 ":"
      SPACE@215..216 " "
      TyFn@216..252
        FN_KW@216..218 "fn"
        TyArgList@218..245
          L_PAREN@218..219 "("
          TyInt@219..222
            I32_BUILTIN@219..222 "i32"
          COMMA@222..223 ","
          SPACE@223..224 " "
          TyFloat@224..227
            F32_BUILTIN@224..227 "f32"
          COMMA@227..228 ","
          SPACE@228..229 " "
          TyFn@229..243
            FN_KW@229..231 "fn"
            TyArgList@231..237
              L_PAREN@231..232 "("
              TyInt@232..235
                I32_BUILTIN@232..235 "i32"
              R_PAREN@235..236 ")"
              SPACE@236..237 " "
            ARROW@237..239 "->"
            SPACE@239..240 " "
            TyInt@240..243
              I32_BUILTIN@240..243 "i32"
          R_PAREN@243..244 ")"
          SPACE@244..245 " "
        ARROW@245..247 "->"
        SPACE@247..248 " "
        TyFloat@248..252
          F32_BUILTIN@248..251 "f32"
          SPACE@251..252 " "
      EQUALS@252..253 "="
      SPACE@253..254 " "
      ELit@254..255
        LitInt@254..255
          INT_LIT@254..255 "0"
