---
source: crates/frontend/tests/lib.rs
assertion_line: 104
expression: output
input_file: crates/frontend/tests/type_errors/field_type_mismatch.nemo
---
[15] Error: Type mismatch. Expected i32, but got bool
   ╭─[source:2:2]
   │
 6 │   F { x = true }
   │           ──┬──  
   │             ╰──── Type mismatch. Expected i32, but got bool
───╯

[15] Error: Type mismatch. Expected unit, but got F
   ╭─[source:2:2]
   │
 6 │   F { x = true }
   │   ───────┬──────  
   │          ╰──────── Type mismatch. Expected unit, but got F
───╯
