---
source: crates/frontend/tests/lib.rs
assertion_line: 104
expression: output
input_file: crates/frontend/tests/type_errors/unknown_struct.nemo
---
[07] Error: Unknown type Unknown
   ╭─[source:2:1]
   │
 2 │   let x = Unknown {}
   │           ───┬───  
   │              ╰───── Unknown type Unknown
───╯
