---
source: crates/frontend/tests/parser.rs
expression: output
input_file: crates/frontend/tests/passing/toplevel.nemo
---
global _ = Vec { }
global _ = Vec { x = 10 }
global _ = Vec { x = 10, y = 1.0 }
global _ = Vec { x = 10, y = 1.0, }


// ---
Root@0..116
  TopGlobal@0..19
    LINEFEED@0..1 "\n"
    GLOBAL_KW@1..7 "global"
    SPACE@7..8 " "
    IDENT@8..9 "_"
    SPACE@9..10 " "
    EQUALS@10..11 "="
    SPACE@11..12 " "
    EStruct@12..19
      UPPER_IDENT@12..15 "Vec"
      SPACE@15..16 " "
      L_BRACE@16..17 "{"
      SPACE@17..18 " "
      R_BRACE@18..19 "}"
  TopGlobal@19..45
    LINEFEED@19..20 "\n"
    GLOBAL_KW@20..26 "global"
    SPACE@26..27 " "
    IDENT@27..28 "_"
    SPACE@28..29 " "
    EQUALS@29..30 "="
    SPACE@30..31 " "
    EStruct@31..45
      UPPER_IDENT@31..34 "Vec"
      SPACE@34..35 " "
      L_BRACE@35..36 "{"
      SPACE@36..37 " "
      EStructField@37..44
        IDENT@37..38 "x"
        SPACE@38..39 " "
        EQUALS@39..40 "="
        SPACE@40..41 " "
        ELit@41..44
          LitInt@41..44
            INT_LIT@41..43 "10"
            SPACE@43..44 " "
      R_BRACE@44..45 "}"
  TopGlobal@45..80
    LINEFEED@45..46 "\n"
    GLOBAL_KW@46..52 "global"
    SPACE@52..53 " "
    IDENT@53..54 "_"
    SPACE@54..55 " "
    EQUALS@55..56 "="
    SPACE@56..57 " "
    EStruct@57..80
      UPPER_IDENT@57..60 "Vec"
      SPACE@60..61 " "
      L_BRACE@61..62 "{"
      SPACE@62..63 " "
      EStructField@63..69
        IDENT@63..64 "x"
        SPACE@64..65 " "
        EQUALS@65..66 "="
        SPACE@66..67 " "
        ELit@67..69
          LitInt@67..69
            INT_LIT@67..69 "10"
      COMMA@69..70 ","
      SPACE@70..71 " "
      EStructField@71..79
        IDENT@71..72 "y"
        SPACE@72..73 " "
        EQUALS@73..74 "="
        SPACE@74..75 " "
        ELit@75..79
          LitFloat@75..79
            FLOAT_LIT@75..78 "1.0"
            SPACE@78..79 " "
      R_BRACE@79..80 "}"
  TopGlobal@80..116
    LINEFEED@80..81 "\n"
    GLOBAL_KW@81..87 "global"
    SPACE@87..88 " "
    IDENT@88..89 "_"
    SPACE@89..90 " "
    EQUALS@90..91 "="
    SPACE@91..92 " "
    EStruct@92..116
      UPPER_IDENT@92..95 "Vec"
      SPACE@95..96 " "
      L_BRACE@96..97 "{"
      SPACE@97..98 " "
      EStructField@98..104
        IDENT@98..99 "x"
        SPACE@99..100 " "
        EQUALS@100..101 "="
        SPACE@101..102 " "
        ELit@102..104
          LitInt@102..104
            INT_LIT@102..104 "10"
      COMMA@104..105 ","
      SPACE@105..106 " "
      EStructField@106..113
        IDENT@106..107 "y"
        SPACE@107..108 " "
        EQUALS@108..109 "="
        SPACE@109..110 " "
        ELit@110..113
          LitFloat@110..113
            FLOAT_LIT@110..113 "1.0"
      COMMA@113..114 ","
      SPACE@114..115 " "
      R_BRACE@115..116 "}"
