---
source: crates/frontend/tests/parser.rs
expression: output
input_file: crates/frontend/tests/passing/toplevel.nemo
---
global _ = {}
global _ = {1}
global _ = {
    1;
    x;
    2
}


// ---
Root@0..64
  TopGlobal@0..14
    LINEFEED@0..1 "\n"
    GLOBAL_KW@1..7 "global"
    SPACE@7..8 " "
    IDENT@8..9 "_"
    SPACE@9..10 " "
    EQUALS@10..11 "="
    SPACE@11..12 " "
    EBlock@12..14
      L_BRACE@12..13 "{"
      R_BRACE@13..14 "}"
  TopGlobal@14..29
    LINEFEED@14..15 "\n"
    GLOBAL_KW@15..21 "global"
    SPACE@21..22 " "
    IDENT@22..23 "_"
    SPACE@23..24 " "
    EQUALS@24..25 "="
    SPACE@25..26 " "
    EBlock@26..29
      L_BRACE@26..27 "{"
      DExpr@27..28
        ELit@27..28
          LitInt@27..28
            INT_LIT@27..28 "1"
      R_BRACE@28..29 "}"
  TopGlobal@29..64
    LINEFEED@29..30 "\n"
    GLOBAL_KW@30..36 "global"
    SPACE@36..37 " "
    IDENT@37..38 "_"
    SPACE@38..39 " "
    EQUALS@39..40 "="
    SPACE@40..41 " "
    EBlock@41..64
      L_BRACE@41..42 "{"
      DExpr@42..48
        ELit@42..48
          LitInt@42..48
            LINEFEED@42..43 "\n"
            SPACE@43..47 "    "
            INT_LIT@47..48 "1"
      SEMICOLON@48..49 ";"
      DExpr@49..55
        EVar@49..55
          LINEFEED@49..50 "\n"
          SPACE@50..54 "    "
          IDENT@54..55 "x"
      SEMICOLON@55..56 ";"
      DExpr@56..62
        ELit@56..62
          LitInt@56..62
            LINEFEED@56..57 "\n"
            SPACE@57..61 "    "
            INT_LIT@61..62 "2"
      LINEFEED@62..63 "\n"
      R_BRACE@63..64 "}"
