---
source: crates/frontend/tests/parser.rs
expression: output
input_file: crates/frontend/tests/passing/toplevel.nemo
---
global _ : i32 = 0
global _ : f32 = 0
global _ : bool = 0
global _ : unit = 0
global _ : Struct = 0
global _ : [i32] = 0
global _ : [[Struct]] = 0
global _ : fn() -> unit = 0
global _ : fn(i32) -> f32 = 0
global _ : fn(i32, f32, fn(i32) -> i32) -> f32 = 0


// ---
Root@0..256
  TopGlobal@0..19
    LINEFEED@0..1 "\n"
    GLOBAL_KW@1..7 "global"
    SPACE@7..8 " "
    IDENT@8..9 "_"
    SPACE@9..10 " "
    COLON@10..11 ":"
    SPACE@11..12 " "
    TyInt@12..16
      I32_BUILTIN@12..15 "i32"
      SPACE@15..16 " "
    EQUALS@16..17 "="
    SPACE@17..18 " "
    ELit@18..19
      LitInt@18..19
        INT_LIT@18..19 "0"
  TopGlobal@19..38
    LINEFEED@19..20 "\n"
    GLOBAL_KW@20..26 "global"
    SPACE@26..27 " "
    IDENT@27..28 "_"
    SPACE@28..29 " "
    COLON@29..30 ":"
    SPACE@30..31 " "
    TyFloat@31..35
      F32_BUILTIN@31..34 "f32"
      SPACE@34..35 " "
    EQUALS@35..36 "="
    SPACE@36..37 " "
    ELit@37..38
      LitInt@37..38
        INT_LIT@37..38 "0"
  TopGlobal@38..58
    LINEFEED@38..39 "\n"
    GLOBAL_KW@39..45 "global"
    SPACE@45..46 " "
    IDENT@46..47 "_"
    SPACE@47..48 " "
    COLON@48..49 ":"
    SPACE@49..50 " "
    TyBool@50..55
      BOOL_BUILTIN@50..54 "bool"
      SPACE@54..55 " "
    EQUALS@55..56 "="
    SPACE@56..57 " "
    ELit@57..58
      LitInt@57..58
        INT_LIT@57..58 "0"
  TopGlobal@58..78
    LINEFEED@58..59 "\n"
    GLOBAL_KW@59..65 "global"
    SPACE@65..66 " "
    IDENT@66..67 "_"
    SPACE@67..68 " "
    COLON@68..69 ":"
    SPACE@69..70 " "
    TyUnit@70..75
      UNIT_BUILTIN@70..74 "unit"
      SPACE@74..75 " "
    EQUALS@75..76 "="
    SPACE@76..77 " "
    ELit@77..78
      LitInt@77..78
        INT_LIT@77..78 "0"
  TopGlobal@78..100
    LINEFEED@78..79 "\n"
    GLOBAL_KW@79..85 "global"
    SPACE@85..86 " "
    IDENT@86..87 "_"
    SPACE@87..88 " "
    COLON@88..89 ":"
    SPACE@89..90 " "
    TyCons@90..97
      UPPER_IDENT@90..96 "Struct"
      SPACE@96..97 " "
    EQUALS@97..98 "="
    SPACE@98..99 " "
    ELit@99..100
      LitInt@99..100
        INT_LIT@99..100 "0"
  TopGlobal@100..121
    LINEFEED@100..101 "\n"
    GLOBAL_KW@101..107 "global"
    SPACE@107..108 " "
    IDENT@108..109 "_"
    SPACE@109..110 " "
    COLON@110..111 ":"
    SPACE@111..112 " "
    TyArray@112..118
      L_BRACKET@112..113 "["
      TyInt@113..116
        I32_BUILTIN@113..116 "i32"
      R_BRACKET@116..117 "]"
      SPACE@117..118 " "
    EQUALS@118..119 "="
    SPACE@119..120 " "
    ELit@120..121
      LitInt@120..121
        INT_LIT@120..121 "0"
  TopGlobal@121..147
    LINEFEED@121..122 "\n"
    GLOBAL_KW@122..128 "global"
    SPACE@128..129 " "
    IDENT@129..130 "_"
    SPACE@130..131 " "
    COLON@131..132 ":"
    SPACE@132..133 " "
    TyArray@133..144
      L_BRACKET@133..134 "["
      TyArray@134..142
        L_BRACKET@134..135 "["
        TyCons@135..141
          UPPER_IDENT@135..141 "Struct"
        R_BRACKET@141..142 "]"
      R_BRACKET@142..143 "]"
      SPACE@143..144 " "
    EQUALS@144..145 "="
    SPACE@145..146 " "
    ELit@146..147
      LitInt@146..147
        INT_LIT@146..147 "0"
  TopGlobal@147..175
    LINEFEED@147..148 "\n"
    GLOBAL_KW@148..154 "global"
    SPACE@154..155 " "
    IDENT@155..156 "_"
    SPACE@156..157 " "
    COLON@157..158 ":"
    SPACE@158..159 " "
    TyFn@159..172
      FN_KW@159..161 "fn"
      TyArgList@161..164
        L_PAREN@161..162 "("
        R_PAREN@162..163 ")"
        SPACE@163..164 " "
      ARROW@164..166 "->"
      SPACE@166..167 " "
      TyUnit@167..172
        UNIT_BUILTIN@167..171 "unit"
        SPACE@171..172 " "
    EQUALS@172..173 "="
    SPACE@173..174 " "
    ELit@174..175
      LitInt@174..175
        INT_LIT@174..175 "0"
  TopGlobal@175..205
    LINEFEED@175..176 "\n"
    GLOBAL_KW@176..182 "global"
    SPACE@182..183 " "
    IDENT@183..184 "_"
    SPACE@184..185 " "
    COLON@185..186 ":"
    SPACE@186..187 " "
    TyFn@187..202
      FN_KW@187..189 "fn"
      TyArgList@189..195
        L_PAREN@189..190 "("
        TyInt@190..193
          I32_BUILTIN@190..193 "i32"
        R_PAREN@193..194 ")"
        SPACE@194..195 " "
      ARROW@195..197 "->"
      SPACE@197..198 " "
      TyFloat@198..202
        F32_BUILTIN@198..201 "f32"
        SPACE@201..202 " "
    EQUALS@202..203 "="
    SPACE@203..204 " "
    ELit@204..205
      LitInt@204..205
        INT_LIT@204..205 "0"
  TopGlobal@205..256
    LINEFEED@205..206 "\n"
    GLOBAL_KW@206..212 "global"
    SPACE@212..213 " "
    IDENT@213..214 "_"
    SPACE@214..215 " "
    COLON@215..216 ":"
    SPACE@216..217 " "
    TyFn@217..253
      FN_KW@217..219 "fn"
      TyArgList@219..246
        L_PAREN@219..220 "("
        TyInt@220..223
          I32_BUILTIN@220..223 "i32"
        COMMA@223..224 ","
        SPACE@224..225 " "
        TyFloat@225..228
          F32_BUILTIN@225..228 "f32"
        COMMA@228..229 ","
        SPACE@229..230 " "
        TyFn@230..244
          FN_KW@230..232 "fn"
          TyArgList@232..238
            L_PAREN@232..233 "("
            TyInt@233..236
              I32_BUILTIN@233..236 "i32"
            R_PAREN@236..237 ")"
            SPACE@237..238 " "
          ARROW@238..240 "->"
          SPACE@240..241 " "
          TyInt@241..244
            I32_BUILTIN@241..244 "i32"
        R_PAREN@244..245 ")"
        SPACE@245..246 " "
      ARROW@246..248 "->"
      SPACE@248..249 " "
      TyFloat@249..253
        F32_BUILTIN@249..252 "f32"
        SPACE@252..253 " "
    EQUALS@253..254 "="
    SPACE@254..255 " "
    ELit@255..256
      LitInt@255..256
        INT_LIT@255..256 "0"
